---
source: tui/src/bottom_pane/footer.rs
assertion_line: 493
expression: terminal.backend()
---
"  / for commands                                      shift + enter for newline "
"  @ for file paths                                    ctrl + ⌥ + v to paste imag"
"  ctrl + b to toggle sub-agent background mode        esc again to edit previous"
"  ctrl + c to exit                                                              "
"  ctrl + t to view transcript                                                   "
